Microsoft Windows [Version 6.1.7601]
Copyright (c) 2009 Microsoft Corporation.  All rights reserved.

C:\Users\don\Documents\Work\attribute_to_sqlserver>tsql
tsql: error: Missing argument -S or -H

C:\Users\don\Documents\Work\attribute_to_sqlserver>rake db:migrate
rake aborted!
LoadError: cannot load such file -- tiny_tds

Tasks: TOP => db:migrate
(See full trace by running task with --trace)

C:\Users\don\Documents\Work\attribute_to_sqlserver>bundle install
Resolving dependencies...
Using rake 10.4.2
Using i18n 0.7.0
Using json 1.8.3
Using minitest 5.8.0
Using thread_safe 0.3.5
Using tzinfo 1.2.2
Using activesupport 4.2.3
Using builder 3.2.2
Using erubis 2.7.0
Using mini_portile 0.6.2
Using nokogiri 1.6.6.2
Using rails-deprecated_sanitizer 1.0.3
Using rails-dom-testing 1.0.7
Using loofah 2.0.3
Using rails-html-sanitizer 1.0.2
Using actionview 4.2.3
Using rack 1.6.4
Using rack-test 0.6.3
Using actionpack 4.2.3
Using globalid 0.3.6
Using activejob 4.2.3
Using mime-types 2.6.1
Using mail 2.6.3
Using actionmailer 4.2.3
Using activemodel 4.2.3
Using arel 6.0.3
Using activerecord 4.2.3
Using activerecord-sqlserver-adapter 4.2.4
Using debug_inspector 0.0.2
Using binding_of_caller 0.7.2
Using bundler 1.10.5
Using byebug 6.0.2
Using coffee-script-source 1.9.1.1
Using execjs 2.6.0
Using coffee-script 2.4.1
Using thor 0.19.1
Using railties 4.2.3
Using coffee-rails 4.1.0
Using multi_json 1.11.2
Using jbuilder 2.3.1
Using jquery-rails 4.0.4
Using sprockets 3.3.3
Using sprockets-rails 2.3.2
Using rails 4.2.3
Using rdoc 4.2.0
Using sass 3.4.18
Using tilt 1.4.1
Using sass-rails 5.0.3
Using sdoc 0.4.1
Using tiny_tds 0.7.0
Using turbolinks 2.5.3
Using tzinfo-data 1.2015.6
Using uglifier 2.7.1
Using web-console 2.2.1
Bundle complete! 13 Gemfile dependencies, 54 gems now installed.
Use `bundle show [gemname]` to see where a bundled gem is installed.

C:\Users\don\Documents\Work\attribute_to_sqlserver>bundle install
Using rake 10.4.2
Using i18n 0.7.0
Using json 1.8.3
Using minitest 5.8.0
Using thread_safe 0.3.5
Using tzinfo 1.2.2
Using activesupport 4.2.3
Using builder 3.2.2
Using erubis 2.7.0
Using mini_portile 0.6.2
Using nokogiri 1.6.6.2
Using rails-deprecated_sanitizer 1.0.3
Using rails-dom-testing 1.0.7
Using loofah 2.0.3
Using rails-html-sanitizer 1.0.2
Using actionview 4.2.3
Using rack 1.6.4
Using rack-test 0.6.3
Using actionpack 4.2.3
Using globalid 0.3.6
Using activejob 4.2.3
Using mime-types 2.6.1
Using mail 2.6.3
Using actionmailer 4.2.3
Using activemodel 4.2.3
Using arel 6.0.3
Using activerecord 4.2.3
Using activerecord-sqlserver-adapter 4.2.4
Using debug_inspector 0.0.2
Using binding_of_caller 0.7.2
Using byebug 6.0.2
Using coffee-script-source 1.9.1.1
Using execjs 2.6.0
Using coffee-script 2.4.1
Using thor 0.19.1
Using railties 4.2.3
Using coffee-rails 4.1.0
Using multi_json 1.11.2
Using jbuilder 2.3.1
Using jquery-rails 4.0.4
Using bundler 1.10.5
Using sprockets 3.3.3
Using sprockets-rails 2.3.2
Using rails 4.2.3
Using rdoc 4.2.0
Using sass 3.4.18
Using tilt 1.4.1
Using sass-rails 5.0.3
Using sdoc 0.4.1
Using tiny_tds 0.7.0
Using turbolinks 2.5.3
Using tzinfo-data 1.2015.6
Using uglifier 2.7.1
Using web-console 2.2.1
Bundle complete! 13 Gemfile dependencies, 54 gems now installed.
Use `bundle show [gemname]` to see where a bundled gem is installed.

C:\Users\don\Documents\Work\attribute_to_sqlserver>rake db:migrate
rake aborted!
TinyTds::Error: Server name not found in configuration files

Tasks: TOP => db:migrate
(See full trace by running task with --trace)

C:\Users\don\Documents\Work\attribute_to_sqlserver>rake db:migrate
rake aborted!
YAML syntax error occurred while parsing C:/Users/don/Documents/Work/attribute_to_sqlserver/config/database.yml. Please note that YA
ML must be consistently indented using spaces. Tabs are not allowed. Error: (<unknown>): could not find expected ':' while scanning
a simple key at line 33 column 3
C:/Users/don/Documents/Work/attribute_to_sqlserver/config/environment.rb:5:in `<top (required)>'
Psych::SyntaxError: (<unknown>): could not find expected ':' while scanning a simple key at line 33 column 3
C:/Users/don/Documents/Work/attribute_to_sqlserver/config/environment.rb:5:in `<top (required)>'
Tasks: TOP => db:migrate => environment
(See full trace by running task with --trace)

C:\Users\don\Documents\Work\attribute_to_sqlserver>rake db:migrate
rake aborted!
TinyTds::Error: Server name not found in configuration files

Tasks: TOP => db:migrate
(See full trace by running task with --trace)

C:\Users\don\Documents\Work\attribute_to_sqlserver>rake db:migrate
rake aborted!
TinyTds::Error: Server name not found in configuration files

Tasks: TOP => db:migrate
(See full trace by running task with --trace)

C:\Users\don\Documents\Work\attribute_to_sqlserver>rake db:migrate --trace
** Invoke db:migrate (first_time)
** Invoke environment (first_time)
** Execute environment
** Invoke db:load_config (first_time)
** Execute db:load_config
** Execute db:migrate
rake aborted!
TinyTds::Error: Server name not found in configuration files
C:/Ruby21-x64/lib/ruby/gems/2.1.0/gems/tiny_tds-0.7.0-x64-mingw32/lib/tiny_tds/client.rb:74:in `connect'
C:/Ruby21-x64/lib/ruby/gems/2.1.0/gems/tiny_tds-0.7.0-x64-mingw32/lib/tiny_tds/client.rb:74:in `initialize'
C:/Ruby21-x64/lib/ruby/gems/2.1.0/gems/activerecord-sqlserver-adapter-4.2.4/lib/active_record/connection_adapters/sqlserver_adapter.
rb:280:in `new'
C:/Ruby21-x64/lib/ruby/gems/2.1.0/gems/activerecord-sqlserver-adapter-4.2.4/lib/active_record/connection_adapters/sqlserver_adapter.
rb:280:in `dblib_connect'
C:/Ruby21-x64/lib/ruby/gems/2.1.0/gems/activerecord-sqlserver-adapter-4.2.4/lib/active_record/connection_adapters/sqlserver_adapter.
rb:271:in `connect'
C:/Ruby21-x64/lib/ruby/gems/2.1.0/gems/activerecord-sqlserver-adapter-4.2.4/lib/active_record/connection_adapters/sqlserver_adapter.
rb:59:in `initialize'
C:/Ruby21-x64/lib/ruby/gems/2.1.0/gems/activerecord-sqlserver-adapter-4.2.4/lib/active_record/sqlserver_base.rb:18:in `new'
C:/Ruby21-x64/lib/ruby/gems/2.1.0/gems/activerecord-sqlserver-adapter-4.2.4/lib/active_record/sqlserver_base.rb:18:in `sqlserver_con
nection'
C:/Ruby21-x64/lib/ruby/gems/2.1.0/gems/activerecord-4.2.3/lib/active_record/connection_adapters/abstract/connection_pool.rb:438:in `
new_connection'
C:/Ruby21-x64/lib/ruby/gems/2.1.0/gems/activerecord-4.2.3/lib/active_record/connection_adapters/abstract/connection_pool.rb:448:in `
checkout_new_connection'
C:/Ruby21-x64/lib/ruby/gems/2.1.0/gems/activerecord-4.2.3/lib/active_record/connection_adapters/abstract/connection_pool.rb:422:in `
acquire_connection'
C:/Ruby21-x64/lib/ruby/gems/2.1.0/gems/activerecord-4.2.3/lib/active_record/connection_adapters/abstract/connection_pool.rb:349:in `
block in checkout'
C:/Ruby21-x64/lib/ruby/2.1.0/monitor.rb:211:in `mon_synchronize'
C:/Ruby21-x64/lib/ruby/gems/2.1.0/gems/activerecord-4.2.3/lib/active_record/connection_adapters/abstract/connection_pool.rb:348:in `
checkout'
C:/Ruby21-x64/lib/ruby/gems/2.1.0/gems/activerecord-4.2.3/lib/active_record/connection_adapters/abstract/connection_pool.rb:263:in `
block in connection'
C:/Ruby21-x64/lib/ruby/2.1.0/monitor.rb:211:in `mon_synchronize'
C:/Ruby21-x64/lib/ruby/gems/2.1.0/gems/activerecord-4.2.3/lib/active_record/connection_adapters/abstract/connection_pool.rb:262:in `
connection'
C:/Ruby21-x64/lib/ruby/gems/2.1.0/gems/activerecord-4.2.3/lib/active_record/connection_adapters/abstract/connection_pool.rb:571:in `
retrieve_connection'
C:/Ruby21-x64/lib/ruby/gems/2.1.0/gems/activerecord-4.2.3/lib/active_record/connection_handling.rb:113:in `retrieve_connection'
C:/Ruby21-x64/lib/ruby/gems/2.1.0/gems/activerecord-4.2.3/lib/active_record/connection_handling.rb:87:in `connection'
C:/Ruby21-x64/lib/ruby/gems/2.1.0/gems/activerecord-4.2.3/lib/active_record/migration.rb:912:in `initialize'
C:/Ruby21-x64/lib/ruby/gems/2.1.0/gems/activerecord-4.2.3/lib/active_record/migration.rb:819:in `new'
C:/Ruby21-x64/lib/ruby/gems/2.1.0/gems/activerecord-4.2.3/lib/active_record/migration.rb:819:in `up'
C:/Ruby21-x64/lib/ruby/gems/2.1.0/gems/activerecord-4.2.3/lib/active_record/migration.rb:797:in `migrate'
C:/Ruby21-x64/lib/ruby/gems/2.1.0/gems/activerecord-4.2.3/lib/active_record/tasks/database_tasks.rb:137:in `migrate'
C:/Ruby21-x64/lib/ruby/gems/2.1.0/gems/activerecord-4.2.3/lib/active_record/railties/databases.rake:44:in `block (2 levels) in <top
(required)>'
C:/Ruby21-x64/lib/ruby/gems/2.1.0/gems/rake-10.4.2/lib/rake/task.rb:240:in `call'
C:/Ruby21-x64/lib/ruby/gems/2.1.0/gems/rake-10.4.2/lib/rake/task.rb:240:in `block in execute'
C:/Ruby21-x64/lib/ruby/gems/2.1.0/gems/rake-10.4.2/lib/rake/task.rb:235:in `each'
C:/Ruby21-x64/lib/ruby/gems/2.1.0/gems/rake-10.4.2/lib/rake/task.rb:235:in `execute'
C:/Ruby21-x64/lib/ruby/gems/2.1.0/gems/rake-10.4.2/lib/rake/task.rb:179:in `block in invoke_with_call_chain'
C:/Ruby21-x64/lib/ruby/2.1.0/monitor.rb:211:in `mon_synchronize'
C:/Ruby21-x64/lib/ruby/gems/2.1.0/gems/rake-10.4.2/lib/rake/task.rb:172:in `invoke_with_call_chain'
C:/Ruby21-x64/lib/ruby/gems/2.1.0/gems/rake-10.4.2/lib/rake/task.rb:165:in `invoke'
C:/Ruby21-x64/lib/ruby/gems/2.1.0/gems/rake-10.4.2/lib/rake/application.rb:150:in `invoke_task'
C:/Ruby21-x64/lib/ruby/gems/2.1.0/gems/rake-10.4.2/lib/rake/application.rb:106:in `block (2 levels) in top_level'
C:/Ruby21-x64/lib/ruby/gems/2.1.0/gems/rake-10.4.2/lib/rake/application.rb:106:in `each'
C:/Ruby21-x64/lib/ruby/gems/2.1.0/gems/rake-10.4.2/lib/rake/application.rb:106:in `block in top_level'
C:/Ruby21-x64/lib/ruby/gems/2.1.0/gems/rake-10.4.2/lib/rake/application.rb:115:in `run_with_threads'
C:/Ruby21-x64/lib/ruby/gems/2.1.0/gems/rake-10.4.2/lib/rake/application.rb:100:in `top_level'
C:/Ruby21-x64/lib/ruby/gems/2.1.0/gems/rake-10.4.2/lib/rake/application.rb:78:in `block in run'
C:/Ruby21-x64/lib/ruby/gems/2.1.0/gems/rake-10.4.2/lib/rake/application.rb:176:in `standard_exception_handling'
C:/Ruby21-x64/lib/ruby/gems/2.1.0/gems/rake-10.4.2/lib/rake/application.rb:75:in `run'
C:/Ruby21-x64/lib/ruby/gems/2.1.0/gems/rake-10.4.2/bin/rake:33:in `<top (required)>'
C:/Ruby21-x64/bin/rake:23:in `load'
C:/Ruby21-x64/bin/rake:23:in `<main>'
Tasks: TOP => db:migrate

C:\Users\don\Documents\Work\attribute_to_sqlserver>rake db:migrate
rake aborted!
TinyTds::Error: Unable to connect: Adaptive Server is unavailable or does not exist

Tasks: TOP => db:migrate
(See full trace by running task with --trace)

C:\Users\don\Documents\Work\attribute_to_sqlserver>tsql Donalds-PC
tsql: error: Missing argument -S or -H

C:\Users\don\Documents\Work\attribute_to_sqlserver>tsql -S Donalds-PC
locale is "English_United States.1252"
using default charset "UTF-8"
^C
C:\Users\don\Documents\Work\attribute_to_sqlserver>tsql -S Donalds-PC
locale is "English_United States.1252"
using default charset "UTF-8"
^C
C:\Users\don\Documents\Work\attribute_to_sqlserver>tsql -S Donalds-PC\SQLEXPRESS
locale is "English_United States.1252"
using default charset "UTF-8"
^C
C:\Users\don\Documents\Work\attribute_to_sqlserver>tsql -S DONALDS-PC\SQLEXPRESS
locale is "English_United States.1252"
using default charset "UTF-8"
^C
C:\Users\don\Documents\Work\attribute_to_sqlserver>tsql -C
Compile-time settings (established with the "configure" script)
                            Version: freetds v0.95rc2
             freetds.conf directory: \freetds-0.95rc2\etc
     MS db-lib source compatibility: no
        Sybase binary compatibility: no
                      Thread safety: yes
                      iconv library: yes
                        TDS version: 7.0
                              iODBC: no
                           unixodbc: yes (unixODBC 2.3.2)
              SSPI "trusted" logins: yes
                           Kerberos: yes (Heimdal 1.6.99)
                            OpenSSL: yes (OpenSSL 1.0.2a)
                             GnuTLS: no

C:\Users\don\Documents\Work\attribute_to_sqlserver>tsql -S SQLEXPRESS
locale is "English_United States.1252"
using default charset "UTF-8"
^C
C:\Users\don\Documents\Work\attribute_to_sqlserver>tsql -S SQLEXPRESS
locale is "English_United States.1252"
using default charset "UTF-8"
Error 20013 (severity 2):
        Unknown host machine name.
There was a problem connecting to the server

C:\Users\don\Documents\Work\attribute_to_sqlserver>tsql -S SQLEXPRESS
locale is "English_United States.1252"
using default charset "UTF-8"
Error 20009 (severity 9):
        Unable to connect: Adaptive Server is unavailable or does not exist
There was a problem connecting to the server

C:\Users\don\Documents\Work\attribute_to_sqlserver>tsql -S LocalSqlServer
locale is "English_United States.1252"
using default charset "UTF-8"
Error 20009 (severity 9):
        Unable to connect: Adaptive Server is unavailable or does not exist
There was a problem connecting to the server

C:\Users\don\Documents\Work\attribute_to_sqlserver>tsql -S LocalSqlServer
locale is "English_United States.1252"
using default charset "UTF-8"
^C
C:\Users\don\Documents\Work\attribute_to_sqlserver>tsql -S LocalSqlServer
Error 20012 (severity 2):
        Server name not found in configuration files.
locale is "English_United States.1252"
using default charset "UTF-8"
Error 20013 (severity 2):
        Unknown host machine name.
There was a problem connecting to the server

C:\Users\don\Documents\Work\attribute_to_sqlserver>tsql -S LocalSqlServer
locale is "English_United States.1252"
using default charset "UTF-8"
Error 20009 (severity 9):
        Unable to connect: Adaptive Server is unavailable or does not exist
There was a problem connecting to the server

C:\Users\don\Documents\Work\attribute_to_sqlserver>tsql -S LocalSqlServer
locale is "English_United States.1252"
using default charset "UTF-8"
Error 20009 (severity 9):
        Unable to connect: Adaptive Server is unavailable or does not exist
There was a problem connecting to the server

C:\Users\don\Documents\Work\attribute_to_sqlserver>tsql -S LocalSqlServer
locale is "English_United States.1252"
using default charset "UTF-8"
Error 20013 (severity 2):
        Unknown host machine name.
There was a problem connecting to the server

C:\Users\don\Documents\Work\attribute_to_sqlserver>tsql -S LocalSqlServer
locale is "English_United States.1252"
using default charset "UTF-8"
^C
C:\Users\don\Documents\Work\attribute_to_sqlserver>tsql -S LocalSqlServer
locale is "English_United States.1252"
using default charset "UTF-8"
^C
C:\Users\don\Documents\Work\attribute_to_sqlserver>tsql -S LocalSqlServer
locale is "English_United States.1252"
using default charset "UTF-8"
^C
C:\Users\don\Documents\Work\attribute_to_sqlserver>tsql -S LocalSqlServer
locale is "English_United States.1252"
using default charset "UTF-8"
^C
C:\Users\don\Documents\Work\attribute_to_sqlserver>tsql -S LocalSqlServer
locale is "English_United States.1252"
using default charset "UTF-8"
^C
C:\Users\don\Documents\Work\attribute_to_sqlserver>tsql -S LocalSqlServer
locale is "English_United States.1252"
using default charset "UTF-8"
^C
C:\Users\don\Documents\Work\attribute_to_sqlserver>tsql -S LocalSqlServer
locale is "English_United States.1252"
using default charset "UTF-8"
Error 20009 (severity 9):
        Unable to connect: Adaptive Server is unavailable or does not exist
There was a problem connecting to the server

C:\Users\don\Documents\Work\attribute_to_sqlserver>tsql -S LocalSqlServer
locale is "English_United States.1252"
using default charset "UTF-8"
Error 20009 (severity 9):
        Unable to connect: Adaptive Server is unavailable or does not exist
There was a problem connecting to the server

C:\Users\don\Documents\Work\attribute_to_sqlserver>tsql -S LocalSqlServer
locale is "English_United States.1252"
using default charset "UTF-8"
Error 20009 (severity 9):
        Unable to connect: Adaptive Server is unavailable or does not exist
There was a problem connecting to the server

C:\Users\don\Documents\Work\attribute_to_sqlserver>tsql -S LocalSqlServer
locale is "English_United States.1252"
using default charset "UTF-8"
Error 20009 (severity 9):
        Unable to connect: Adaptive Server is unavailable or does not exist
There was a problem connecting to the server

C:\Users\don\Documents\Work\attribute_to_sqlserver>tsql -S LocalSqlServer
locale is "English_United States.1252"
using default charset "UTF-8"
^C
C:\Users\don\Documents\Work\attribute_to_sqlserver>tsql -S SQLEXPRESS
Error 20012 (severity 2):
        Server name not found in configuration files.
locale is "English_United States.1252"
using default charset "UTF-8"
Error 20013 (severity 2):
        Unknown host machine name.
There was a problem connecting to the server

C:\Users\don\Documents\Work\attribute_to_sqlserver>tsql -S LocalSqlServer
locale is "English_United States.1252"
using default charset "UTF-8"
^C
C:\Users\don\Documents\Work\attribute_to_sqlserver>tsql -S LocalSqlServer
locale is "English_United States.1252"
using default charset "UTF-8"
^C
C:\Users\don\Documents\Work\attribute_to_sqlserver>tsql -S LocalSqlServer
locale is "English_United States.1252"
using default charset "UTF-8"
^C
C:\Users\don\Documents\Work\attribute_to_sqlserver>tsql -S LocalSqlServer
locale is "English_United States.1252"
using default charset "UTF-8"
^C
C:\Users\don\Documents\Work\attribute_to_sqlserver>tsql -S LocalSqlServer
locale is "English_United States.1252"
using default charset "UTF-8"
1> help
2> go
Msg 2812 (severity 16, state 62) from DONALDS-PC\SQLEXPRESS Line 1:
        "Could not find stored procedure 'help'."
1> ^D
2> ^C
C:\Users\don\Documents\Work\attribute_to_sqlserver>rake db:migrate
rake aborted!
TinyTds::Error: Server name not found in configuration files

Tasks: TOP => db:migrate
(See full trace by running task with --trace)

C:\Users\don\Documents\Work\attribute_to_sqlserver>rake db:migrate
rake aborted!
TinyTds::Error: Server name not found in configuration files

Tasks: TOP => db:migrate
(See full trace by running task with --trace)

C:\Users\don\Documents\Work\attribute_to_sqlserver>rake db:migrate
rake aborted!
TinyTds::Error: Login failed. The login is from an untrusted domain and cannot be used with Windows authentication.

Tasks: TOP => db:migrate
(See full trace by running task with --trace)

C:\Users\don\Documents\Work\attribute_to_sqlserver>tsql -S LocalSqlServer
Error 20012 (severity 2):
        Server name not found in configuration files.
locale is "English_United States.1252"
using default charset "UTF-8"
Error 20013 (severity 2):
        Unknown host machine name.
There was a problem connecting to the server

C:\Users\don\Documents\Work\attribute_to_sqlserver>tsql -S LocalSqlServer
Error 20012 (severity 2):
        Server name not found in configuration files.
locale is "English_United States.1252"
using default charset "UTF-8"
Error 20013 (severity 2):
        Unknown host machine name.
There was a problem connecting to the server

C:\Users\don\Documents\Work\attribute_to_sqlserver>tsql -S x1x2x3
locale is "English_United States.1252"
using default charset "UTF-8"
^C
C:\Users\don\Documents\Work\attribute_to_sqlserver>
C:\Users\don\Documents\Work\attribute_to_sqlserver>tsql -S x1x2x3
locale is "English_United States.1252"
using default charset "UTF-8"
^C
C:\Users\don\Documents\Work\attribute_to_sqlserver>tsql -S x1x2x3
locale is "English_United States.1252"
using default charset "UTF-8"
Error 20013 (severity 2):
        Unknown host machine name.
There was a problem connecting to the server

C:\Users\don\Documents\Work\attribute_to_sqlserver>tsql -S x1x2x3
locale is "English_United States.1252"
using default charset "UTF-8"
1> ^C
C:\Users\don\Documents\Work\attribute_to_sqlserver>rake db:migrate
rake aborted!
TinyTds::Error: Server name not found in configuration files

Tasks: TOP => db:migrate
(See full trace by running task with --trace)

C:\Users\don\Documents\Work\attribute_to_sqlserver>rake db:migrate --trace
** Invoke db:migrate (first_time)
** Invoke environment (first_time)
** Execute environment
** Invoke db:load_config (first_time)
** Execute db:load_config
** Execute db:migrate
rake aborted!
TinyTds::Error: Server name not found in configuration files
C:/Ruby21-x64/lib/ruby/gems/2.1.0/gems/tiny_tds-0.7.0-x64-mingw32/lib/tiny_tds/client.rb:74:in `connect'
C:/Ruby21-x64/lib/ruby/gems/2.1.0/gems/tiny_tds-0.7.0-x64-mingw32/lib/tiny_tds/client.rb:74:in `initialize'
C:/Ruby21-x64/lib/ruby/gems/2.1.0/gems/activerecord-sqlserver-adapter-4.2.4/lib/active_record/connection_adapters/sqlserver_adapter.
rb:280:in `new'
C:/Ruby21-x64/lib/ruby/gems/2.1.0/gems/activerecord-sqlserver-adapter-4.2.4/lib/active_record/connection_adapters/sqlserver_adapter.
rb:280:in `dblib_connect'
C:/Ruby21-x64/lib/ruby/gems/2.1.0/gems/activerecord-sqlserver-adapter-4.2.4/lib/active_record/connection_adapters/sqlserver_adapter.
rb:271:in `connect'
C:/Ruby21-x64/lib/ruby/gems/2.1.0/gems/activerecord-sqlserver-adapter-4.2.4/lib/active_record/connection_adapters/sqlserver_adapter.
rb:59:in `initialize'
C:/Ruby21-x64/lib/ruby/gems/2.1.0/gems/activerecord-sqlserver-adapter-4.2.4/lib/active_record/sqlserver_base.rb:18:in `new'
C:/Ruby21-x64/lib/ruby/gems/2.1.0/gems/activerecord-sqlserver-adapter-4.2.4/lib/active_record/sqlserver_base.rb:18:in `sqlserver_con
nection'
C:/Ruby21-x64/lib/ruby/gems/2.1.0/gems/activerecord-4.2.3/lib/active_record/connection_adapters/abstract/connection_pool.rb:438:in `
new_connection'
C:/Ruby21-x64/lib/ruby/gems/2.1.0/gems/activerecord-4.2.3/lib/active_record/connection_adapters/abstract/connection_pool.rb:448:in `
checkout_new_connection'
C:/Ruby21-x64/lib/ruby/gems/2.1.0/gems/activerecord-4.2.3/lib/active_record/connection_adapters/abstract/connection_pool.rb:422:in `
acquire_connection'
C:/Ruby21-x64/lib/ruby/gems/2.1.0/gems/activerecord-4.2.3/lib/active_record/connection_adapters/abstract/connection_pool.rb:349:in `
block in checkout'
C:/Ruby21-x64/lib/ruby/2.1.0/monitor.rb:211:in `mon_synchronize'
C:/Ruby21-x64/lib/ruby/gems/2.1.0/gems/activerecord-4.2.3/lib/active_record/connection_adapters/abstract/connection_pool.rb:348:in `
checkout'
C:/Ruby21-x64/lib/ruby/gems/2.1.0/gems/activerecord-4.2.3/lib/active_record/connection_adapters/abstract/connection_pool.rb:263:in `
block in connection'
C:/Ruby21-x64/lib/ruby/2.1.0/monitor.rb:211:in `mon_synchronize'
C:/Ruby21-x64/lib/ruby/gems/2.1.0/gems/activerecord-4.2.3/lib/active_record/connection_adapters/abstract/connection_pool.rb:262:in `
connection'
C:/Ruby21-x64/lib/ruby/gems/2.1.0/gems/activerecord-4.2.3/lib/active_record/connection_adapters/abstract/connection_pool.rb:571:in `
retrieve_connection'
C:/Ruby21-x64/lib/ruby/gems/2.1.0/gems/activerecord-4.2.3/lib/active_record/connection_handling.rb:113:in `retrieve_connection'
C:/Ruby21-x64/lib/ruby/gems/2.1.0/gems/activerecord-4.2.3/lib/active_record/connection_handling.rb:87:in `connection'
C:/Ruby21-x64/lib/ruby/gems/2.1.0/gems/activerecord-4.2.3/lib/active_record/migration.rb:912:in `initialize'
C:/Ruby21-x64/lib/ruby/gems/2.1.0/gems/activerecord-4.2.3/lib/active_record/migration.rb:819:in `new'
C:/Ruby21-x64/lib/ruby/gems/2.1.0/gems/activerecord-4.2.3/lib/active_record/migration.rb:819:in `up'
C:/Ruby21-x64/lib/ruby/gems/2.1.0/gems/activerecord-4.2.3/lib/active_record/migration.rb:797:in `migrate'
C:/Ruby21-x64/lib/ruby/gems/2.1.0/gems/activerecord-4.2.3/lib/active_record/tasks/database_tasks.rb:137:in `migrate'
C:/Ruby21-x64/lib/ruby/gems/2.1.0/gems/activerecord-4.2.3/lib/active_record/railties/databases.rake:44:in `block (2 levels) in <top
(required)>'
C:/Ruby21-x64/lib/ruby/gems/2.1.0/gems/rake-10.4.2/lib/rake/task.rb:240:in `call'
C:/Ruby21-x64/lib/ruby/gems/2.1.0/gems/rake-10.4.2/lib/rake/task.rb:240:in `block in execute'
C:/Ruby21-x64/lib/ruby/gems/2.1.0/gems/rake-10.4.2/lib/rake/task.rb:235:in `each'
C:/Ruby21-x64/lib/ruby/gems/2.1.0/gems/rake-10.4.2/lib/rake/task.rb:235:in `execute'
C:/Ruby21-x64/lib/ruby/gems/2.1.0/gems/rake-10.4.2/lib/rake/task.rb:179:in `block in invoke_with_call_chain'
C:/Ruby21-x64/lib/ruby/2.1.0/monitor.rb:211:in `mon_synchronize'
C:/Ruby21-x64/lib/ruby/gems/2.1.0/gems/rake-10.4.2/lib/rake/task.rb:172:in `invoke_with_call_chain'
C:/Ruby21-x64/lib/ruby/gems/2.1.0/gems/rake-10.4.2/lib/rake/task.rb:165:in `invoke'
C:/Ruby21-x64/lib/ruby/gems/2.1.0/gems/rake-10.4.2/lib/rake/application.rb:150:in `invoke_task'
C:/Ruby21-x64/lib/ruby/gems/2.1.0/gems/rake-10.4.2/lib/rake/application.rb:106:in `block (2 levels) in top_level'
C:/Ruby21-x64/lib/ruby/gems/2.1.0/gems/rake-10.4.2/lib/rake/application.rb:106:in `each'
C:/Ruby21-x64/lib/ruby/gems/2.1.0/gems/rake-10.4.2/lib/rake/application.rb:106:in `block in top_level'
C:/Ruby21-x64/lib/ruby/gems/2.1.0/gems/rake-10.4.2/lib/rake/application.rb:115:in `run_with_threads'
C:/Ruby21-x64/lib/ruby/gems/2.1.0/gems/rake-10.4.2/lib/rake/application.rb:100:in `top_level'
C:/Ruby21-x64/lib/ruby/gems/2.1.0/gems/rake-10.4.2/lib/rake/application.rb:78:in `block in run'
C:/Ruby21-x64/lib/ruby/gems/2.1.0/gems/rake-10.4.2/lib/rake/application.rb:176:in `standard_exception_handling'
C:/Ruby21-x64/lib/ruby/gems/2.1.0/gems/rake-10.4.2/lib/rake/application.rb:75:in `run'
C:/Ruby21-x64/lib/ruby/gems/2.1.0/gems/rake-10.4.2/bin/rake:33:in `<top (required)>'
C:/Ruby21-x64/bin/rake:23:in `load'
C:/Ruby21-x64/bin/rake:23:in `<main>'
Tasks: TOP => db:migrate

C:\Users\don\Documents\Work\attribute_to_sqlserver>tsql -S DONALDS-PC\SQLEXPRESS
locale is "English_United States.1252"
using default charset "UTF-8"
1> ^C
C:\Users\don\Documents\Work\attribute_to_sqlserver>rake db:migrate --trace
** Invoke db:migrate (first_time)
** Invoke environment (first_time)
** Execute environment
** Invoke db:load_config (first_time)
** Execute db:load_config
** Execute db:migrate
rake aborted!
TinyTds::Error: Login failed. The login is from an untrusted domain and cannot be used with Windows authentication.
C:/Ruby21-x64/lib/ruby/gems/2.1.0/gems/tiny_tds-0.7.0-x64-mingw32/lib/tiny_tds/client.rb:74:in `connect'
C:/Ruby21-x64/lib/ruby/gems/2.1.0/gems/tiny_tds-0.7.0-x64-mingw32/lib/tiny_tds/client.rb:74:in `initialize'
C:/Ruby21-x64/lib/ruby/gems/2.1.0/gems/activerecord-sqlserver-adapter-4.2.4/lib/active_record/connection_adapters/sqlserver_adapter.
rb:280:in `new'
C:/Ruby21-x64/lib/ruby/gems/2.1.0/gems/activerecord-sqlserver-adapter-4.2.4/lib/active_record/connection_adapters/sqlserver_adapter.
rb:280:in `dblib_connect'
C:/Ruby21-x64/lib/ruby/gems/2.1.0/gems/activerecord-sqlserver-adapter-4.2.4/lib/active_record/connection_adapters/sqlserver_adapter.
rb:271:in `connect'
C:/Ruby21-x64/lib/ruby/gems/2.1.0/gems/activerecord-sqlserver-adapter-4.2.4/lib/active_record/connection_adapters/sqlserver_adapter.
rb:59:in `initialize'
C:/Ruby21-x64/lib/ruby/gems/2.1.0/gems/activerecord-sqlserver-adapter-4.2.4/lib/active_record/sqlserver_base.rb:18:in `new'
C:/Ruby21-x64/lib/ruby/gems/2.1.0/gems/activerecord-sqlserver-adapter-4.2.4/lib/active_record/sqlserver_base.rb:18:in `sqlserver_con
nection'
C:/Ruby21-x64/lib/ruby/gems/2.1.0/gems/activerecord-4.2.3/lib/active_record/connection_adapters/abstract/connection_pool.rb:438:in `
new_connection'
C:/Ruby21-x64/lib/ruby/gems/2.1.0/gems/activerecord-4.2.3/lib/active_record/connection_adapters/abstract/connection_pool.rb:448:in `
checkout_new_connection'
C:/Ruby21-x64/lib/ruby/gems/2.1.0/gems/activerecord-4.2.3/lib/active_record/connection_adapters/abstract/connection_pool.rb:422:in `
acquire_connection'
C:/Ruby21-x64/lib/ruby/gems/2.1.0/gems/activerecord-4.2.3/lib/active_record/connection_adapters/abstract/connection_pool.rb:349:in `
block in checkout'
C:/Ruby21-x64/lib/ruby/2.1.0/monitor.rb:211:in `mon_synchronize'
C:/Ruby21-x64/lib/ruby/gems/2.1.0/gems/activerecord-4.2.3/lib/active_record/connection_adapters/abstract/connection_pool.rb:348:in `
checkout'
C:/Ruby21-x64/lib/ruby/gems/2.1.0/gems/activerecord-4.2.3/lib/active_record/connection_adapters/abstract/connection_pool.rb:263:in `
block in connection'
C:/Ruby21-x64/lib/ruby/2.1.0/monitor.rb:211:in `mon_synchronize'
C:/Ruby21-x64/lib/ruby/gems/2.1.0/gems/activerecord-4.2.3/lib/active_record/connection_adapters/abstract/connection_pool.rb:262:in `
connection'
C:/Ruby21-x64/lib/ruby/gems/2.1.0/gems/activerecord-4.2.3/lib/active_record/connection_adapters/abstract/connection_pool.rb:571:in `
retrieve_connection'
C:/Ruby21-x64/lib/ruby/gems/2.1.0/gems/activerecord-4.2.3/lib/active_record/connection_handling.rb:113:in `retrieve_connection'
C:/Ruby21-x64/lib/ruby/gems/2.1.0/gems/activerecord-4.2.3/lib/active_record/connection_handling.rb:87:in `connection'
C:/Ruby21-x64/lib/ruby/gems/2.1.0/gems/activerecord-4.2.3/lib/active_record/migration.rb:912:in `initialize'
C:/Ruby21-x64/lib/ruby/gems/2.1.0/gems/activerecord-4.2.3/lib/active_record/migration.rb:819:in `new'
C:/Ruby21-x64/lib/ruby/gems/2.1.0/gems/activerecord-4.2.3/lib/active_record/migration.rb:819:in `up'
C:/Ruby21-x64/lib/ruby/gems/2.1.0/gems/activerecord-4.2.3/lib/active_record/migration.rb:797:in `migrate'
C:/Ruby21-x64/lib/ruby/gems/2.1.0/gems/activerecord-4.2.3/lib/active_record/tasks/database_tasks.rb:137:in `migrate'
C:/Ruby21-x64/lib/ruby/gems/2.1.0/gems/activerecord-4.2.3/lib/active_record/railties/databases.rake:44:in `block (2 levels) in <top
(required)>'
C:/Ruby21-x64/lib/ruby/gems/2.1.0/gems/rake-10.4.2/lib/rake/task.rb:240:in `call'
C:/Ruby21-x64/lib/ruby/gems/2.1.0/gems/rake-10.4.2/lib/rake/task.rb:240:in `block in execute'
C:/Ruby21-x64/lib/ruby/gems/2.1.0/gems/rake-10.4.2/lib/rake/task.rb:235:in `each'
C:/Ruby21-x64/lib/ruby/gems/2.1.0/gems/rake-10.4.2/lib/rake/task.rb:235:in `execute'
C:/Ruby21-x64/lib/ruby/gems/2.1.0/gems/rake-10.4.2/lib/rake/task.rb:179:in `block in invoke_with_call_chain'
C:/Ruby21-x64/lib/ruby/2.1.0/monitor.rb:211:in `mon_synchronize'
C:/Ruby21-x64/lib/ruby/gems/2.1.0/gems/rake-10.4.2/lib/rake/task.rb:172:in `invoke_with_call_chain'
C:/Ruby21-x64/lib/ruby/gems/2.1.0/gems/rake-10.4.2/lib/rake/task.rb:165:in `invoke'
C:/Ruby21-x64/lib/ruby/gems/2.1.0/gems/rake-10.4.2/lib/rake/application.rb:150:in `invoke_task'
C:/Ruby21-x64/lib/ruby/gems/2.1.0/gems/rake-10.4.2/lib/rake/application.rb:106:in `block (2 levels) in top_level'
C:/Ruby21-x64/lib/ruby/gems/2.1.0/gems/rake-10.4.2/lib/rake/application.rb:106:in `each'
C:/Ruby21-x64/lib/ruby/gems/2.1.0/gems/rake-10.4.2/lib/rake/application.rb:106:in `block in top_level'
C:/Ruby21-x64/lib/ruby/gems/2.1.0/gems/rake-10.4.2/lib/rake/application.rb:115:in `run_with_threads'
C:/Ruby21-x64/lib/ruby/gems/2.1.0/gems/rake-10.4.2/lib/rake/application.rb:100:in `top_level'
C:/Ruby21-x64/lib/ruby/gems/2.1.0/gems/rake-10.4.2/lib/rake/application.rb:78:in `block in run'
C:/Ruby21-x64/lib/ruby/gems/2.1.0/gems/rake-10.4.2/lib/rake/application.rb:176:in `standard_exception_handling'
C:/Ruby21-x64/lib/ruby/gems/2.1.0/gems/rake-10.4.2/lib/rake/application.rb:75:in `run'
C:/Ruby21-x64/lib/ruby/gems/2.1.0/gems/rake-10.4.2/bin/rake:33:in `<top (required)>'
C:/Ruby21-x64/bin/rake:23:in `load'
C:/Ruby21-x64/bin/rake:23:in `<main>'
Tasks: TOP => db:migrate

C:\Users\don\Documents\Work\attribute_to_sqlserver>rake db:migrate --trace
** Invoke db:migrate (first_time)
** Invoke environment (first_time)
** Execute environment
** Invoke db:load_config (first_time)
** Execute db:load_config
** Execute db:migrate
rake aborted!
TinyTds::Error: Login failed. The login is from an untrusted domain and cannot be used with Windows authentication.
C:/Ruby21-x64/lib/ruby/gems/2.1.0/gems/tiny_tds-0.7.0-x64-mingw32/lib/tiny_tds/client.rb:74:in `connect'
C:/Ruby21-x64/lib/ruby/gems/2.1.0/gems/tiny_tds-0.7.0-x64-mingw32/lib/tiny_tds/client.rb:74:in `initialize'
C:/Ruby21-x64/lib/ruby/gems/2.1.0/gems/activerecord-sqlserver-adapter-4.2.4/lib/active_record/connection_adapters/sqlserver_adapter.
rb:280:in `new'
C:/Ruby21-x64/lib/ruby/gems/2.1.0/gems/activerecord-sqlserver-adapter-4.2.4/lib/active_record/connection_adapters/sqlserver_adapter.
rb:280:in `dblib_connect'
C:/Ruby21-x64/lib/ruby/gems/2.1.0/gems/activerecord-sqlserver-adapter-4.2.4/lib/active_record/connection_adapters/sqlserver_adapter.
rb:271:in `connect'
C:/Ruby21-x64/lib/ruby/gems/2.1.0/gems/activerecord-sqlserver-adapter-4.2.4/lib/active_record/connection_adapters/sqlserver_adapter.
rb:59:in `initialize'
C:/Ruby21-x64/lib/ruby/gems/2.1.0/gems/activerecord-sqlserver-adapter-4.2.4/lib/active_record/sqlserver_base.rb:18:in `new'
C:/Ruby21-x64/lib/ruby/gems/2.1.0/gems/activerecord-sqlserver-adapter-4.2.4/lib/active_record/sqlserver_base.rb:18:in `sqlserver_con
nection'
C:/Ruby21-x64/lib/ruby/gems/2.1.0/gems/activerecord-4.2.3/lib/active_record/connection_adapters/abstract/connection_pool.rb:438:in `
new_connection'
C:/Ruby21-x64/lib/ruby/gems/2.1.0/gems/activerecord-4.2.3/lib/active_record/connection_adapters/abstract/connection_pool.rb:448:in `
checkout_new_connection'
C:/Ruby21-x64/lib/ruby/gems/2.1.0/gems/activerecord-4.2.3/lib/active_record/connection_adapters/abstract/connection_pool.rb:422:in `
acquire_connection'
C:/Ruby21-x64/lib/ruby/gems/2.1.0/gems/activerecord-4.2.3/lib/active_record/connection_adapters/abstract/connection_pool.rb:349:in `
block in checkout'
C:/Ruby21-x64/lib/ruby/2.1.0/monitor.rb:211:in `mon_synchronize'
C:/Ruby21-x64/lib/ruby/gems/2.1.0/gems/activerecord-4.2.3/lib/active_record/connection_adapters/abstract/connection_pool.rb:348:in `
checkout'
C:/Ruby21-x64/lib/ruby/gems/2.1.0/gems/activerecord-4.2.3/lib/active_record/connection_adapters/abstract/connection_pool.rb:263:in `
block in connection'
C:/Ruby21-x64/lib/ruby/2.1.0/monitor.rb:211:in `mon_synchronize'
C:/Ruby21-x64/lib/ruby/gems/2.1.0/gems/activerecord-4.2.3/lib/active_record/connection_adapters/abstract/connection_pool.rb:262:in `
connection'
C:/Ruby21-x64/lib/ruby/gems/2.1.0/gems/activerecord-4.2.3/lib/active_record/connection_adapters/abstract/connection_pool.rb:571:in `
retrieve_connection'
C:/Ruby21-x64/lib/ruby/gems/2.1.0/gems/activerecord-4.2.3/lib/active_record/connection_handling.rb:113:in `retrieve_connection'
C:/Ruby21-x64/lib/ruby/gems/2.1.0/gems/activerecord-4.2.3/lib/active_record/connection_handling.rb:87:in `connection'
C:/Ruby21-x64/lib/ruby/gems/2.1.0/gems/activerecord-4.2.3/lib/active_record/migration.rb:912:in `initialize'
C:/Ruby21-x64/lib/ruby/gems/2.1.0/gems/activerecord-4.2.3/lib/active_record/migration.rb:819:in `new'
C:/Ruby21-x64/lib/ruby/gems/2.1.0/gems/activerecord-4.2.3/lib/active_record/migration.rb:819:in `up'
C:/Ruby21-x64/lib/ruby/gems/2.1.0/gems/activerecord-4.2.3/lib/active_record/migration.rb:797:in `migrate'
C:/Ruby21-x64/lib/ruby/gems/2.1.0/gems/activerecord-4.2.3/lib/active_record/tasks/database_tasks.rb:137:in `migrate'
C:/Ruby21-x64/lib/ruby/gems/2.1.0/gems/activerecord-4.2.3/lib/active_record/railties/databases.rake:44:in `block (2 levels) in <top
(required)>'
C:/Ruby21-x64/lib/ruby/gems/2.1.0/gems/rake-10.4.2/lib/rake/task.rb:240:in `call'
C:/Ruby21-x64/lib/ruby/gems/2.1.0/gems/rake-10.4.2/lib/rake/task.rb:240:in `block in execute'
C:/Ruby21-x64/lib/ruby/gems/2.1.0/gems/rake-10.4.2/lib/rake/task.rb:235:in `each'
C:/Ruby21-x64/lib/ruby/gems/2.1.0/gems/rake-10.4.2/lib/rake/task.rb:235:in `execute'
C:/Ruby21-x64/lib/ruby/gems/2.1.0/gems/rake-10.4.2/lib/rake/task.rb:179:in `block in invoke_with_call_chain'
C:/Ruby21-x64/lib/ruby/2.1.0/monitor.rb:211:in `mon_synchronize'
C:/Ruby21-x64/lib/ruby/gems/2.1.0/gems/rake-10.4.2/lib/rake/task.rb:172:in `invoke_with_call_chain'
C:/Ruby21-x64/lib/ruby/gems/2.1.0/gems/rake-10.4.2/lib/rake/task.rb:165:in `invoke'
C:/Ruby21-x64/lib/ruby/gems/2.1.0/gems/rake-10.4.2/lib/rake/application.rb:150:in `invoke_task'
C:/Ruby21-x64/lib/ruby/gems/2.1.0/gems/rake-10.4.2/lib/rake/application.rb:106:in `block (2 levels) in top_level'
C:/Ruby21-x64/lib/ruby/gems/2.1.0/gems/rake-10.4.2/lib/rake/application.rb:106:in `each'
C:/Ruby21-x64/lib/ruby/gems/2.1.0/gems/rake-10.4.2/lib/rake/application.rb:106:in `block in top_level'
C:/Ruby21-x64/lib/ruby/gems/2.1.0/gems/rake-10.4.2/lib/rake/application.rb:115:in `run_with_threads'
C:/Ruby21-x64/lib/ruby/gems/2.1.0/gems/rake-10.4.2/lib/rake/application.rb:100:in `top_level'
C:/Ruby21-x64/lib/ruby/gems/2.1.0/gems/rake-10.4.2/lib/rake/application.rb:78:in `block in run'
C:/Ruby21-x64/lib/ruby/gems/2.1.0/gems/rake-10.4.2/lib/rake/application.rb:176:in `standard_exception_handling'
C:/Ruby21-x64/lib/ruby/gems/2.1.0/gems/rake-10.4.2/lib/rake/application.rb:75:in `run'
C:/Ruby21-x64/lib/ruby/gems/2.1.0/gems/rake-10.4.2/bin/rake:33:in `<top (required)>'
C:/Ruby21-x64/bin/rake:23:in `load'
C:/Ruby21-x64/bin/rake:23:in `<main>'
Tasks: TOP => db:migrate

C:\Users\don\Documents\Work\attribute_to_sqlserver>tsql -S DONALDS-PC\SQLEXPRESS
locale is "English_United States.1252"
using default charset "UTF-8"
1> ^C
C:\Users\don\Documents\Work\attribute_to_sqlserver>rake db:migrate --trace
** Invoke db:migrate (first_time)
** Invoke environment (first_time)
** Execute environment
** Invoke db:load_config (first_time)
** Execute db:load_config
** Execute db:migrate
rake aborted!
TinyTds::Error: The server principal "don" is not able to access the database "attribute_to_sqlserver_development" under the current
 security context.
C:/Ruby21-x64/lib/ruby/gems/2.1.0/gems/tiny_tds-0.7.0-x64-mingw32/lib/tiny_tds/client.rb:74:in `connect'
C:/Ruby21-x64/lib/ruby/gems/2.1.0/gems/tiny_tds-0.7.0-x64-mingw32/lib/tiny_tds/client.rb:74:in `initialize'
C:/Ruby21-x64/lib/ruby/gems/2.1.0/gems/activerecord-sqlserver-adapter-4.2.4/lib/active_record/connection_adapters/sqlserver_adapter.
rb:280:in `new'
C:/Ruby21-x64/lib/ruby/gems/2.1.0/gems/activerecord-sqlserver-adapter-4.2.4/lib/active_record/connection_adapters/sqlserver_adapter.
rb:280:in `dblib_connect'
C:/Ruby21-x64/lib/ruby/gems/2.1.0/gems/activerecord-sqlserver-adapter-4.2.4/lib/active_record/connection_adapters/sqlserver_adapter.
rb:271:in `connect'
C:/Ruby21-x64/lib/ruby/gems/2.1.0/gems/activerecord-sqlserver-adapter-4.2.4/lib/active_record/connection_adapters/sqlserver_adapter.
rb:59:in `initialize'
C:/Ruby21-x64/lib/ruby/gems/2.1.0/gems/activerecord-sqlserver-adapter-4.2.4/lib/active_record/sqlserver_base.rb:18:in `new'
C:/Ruby21-x64/lib/ruby/gems/2.1.0/gems/activerecord-sqlserver-adapter-4.2.4/lib/active_record/sqlserver_base.rb:18:in `sqlserver_con
nection'
C:/Ruby21-x64/lib/ruby/gems/2.1.0/gems/activerecord-4.2.3/lib/active_record/connection_adapters/abstract/connection_pool.rb:438:in `
new_connection'
C:/Ruby21-x64/lib/ruby/gems/2.1.0/gems/activerecord-4.2.3/lib/active_record/connection_adapters/abstract/connection_pool.rb:448:in `
checkout_new_connection'
C:/Ruby21-x64/lib/ruby/gems/2.1.0/gems/activerecord-4.2.3/lib/active_record/connection_adapters/abstract/connection_pool.rb:422:in `
acquire_connection'
C:/Ruby21-x64/lib/ruby/gems/2.1.0/gems/activerecord-4.2.3/lib/active_record/connection_adapters/abstract/connection_pool.rb:349:in `
block in checkout'
C:/Ruby21-x64/lib/ruby/2.1.0/monitor.rb:211:in `mon_synchronize'
C:/Ruby21-x64/lib/ruby/gems/2.1.0/gems/activerecord-4.2.3/lib/active_record/connection_adapters/abstract/connection_pool.rb:348:in `
checkout'
C:/Ruby21-x64/lib/ruby/gems/2.1.0/gems/activerecord-4.2.3/lib/active_record/connection_adapters/abstract/connection_pool.rb:263:in `
block in connection'
C:/Ruby21-x64/lib/ruby/2.1.0/monitor.rb:211:in `mon_synchronize'
C:/Ruby21-x64/lib/ruby/gems/2.1.0/gems/activerecord-4.2.3/lib/active_record/connection_adapters/abstract/connection_pool.rb:262:in `
connection'
C:/Ruby21-x64/lib/ruby/gems/2.1.0/gems/activerecord-4.2.3/lib/active_record/connection_adapters/abstract/connection_pool.rb:571:in `
retrieve_connection'
C:/Ruby21-x64/lib/ruby/gems/2.1.0/gems/activerecord-4.2.3/lib/active_record/connection_handling.rb:113:in `retrieve_connection'
C:/Ruby21-x64/lib/ruby/gems/2.1.0/gems/activerecord-4.2.3/lib/active_record/connection_handling.rb:87:in `connection'
C:/Ruby21-x64/lib/ruby/gems/2.1.0/gems/activerecord-4.2.3/lib/active_record/migration.rb:912:in `initialize'
C:/Ruby21-x64/lib/ruby/gems/2.1.0/gems/activerecord-4.2.3/lib/active_record/migration.rb:819:in `new'
C:/Ruby21-x64/lib/ruby/gems/2.1.0/gems/activerecord-4.2.3/lib/active_record/migration.rb:819:in `up'
C:/Ruby21-x64/lib/ruby/gems/2.1.0/gems/activerecord-4.2.3/lib/active_record/migration.rb:797:in `migrate'
C:/Ruby21-x64/lib/ruby/gems/2.1.0/gems/activerecord-4.2.3/lib/active_record/tasks/database_tasks.rb:137:in `migrate'
C:/Ruby21-x64/lib/ruby/gems/2.1.0/gems/activerecord-4.2.3/lib/active_record/railties/databases.rake:44:in `block (2 levels) in <top
(required)>'
C:/Ruby21-x64/lib/ruby/gems/2.1.0/gems/rake-10.4.2/lib/rake/task.rb:240:in `call'
C:/Ruby21-x64/lib/ruby/gems/2.1.0/gems/rake-10.4.2/lib/rake/task.rb:240:in `block in execute'
C:/Ruby21-x64/lib/ruby/gems/2.1.0/gems/rake-10.4.2/lib/rake/task.rb:235:in `each'
C:/Ruby21-x64/lib/ruby/gems/2.1.0/gems/rake-10.4.2/lib/rake/task.rb:235:in `execute'
C:/Ruby21-x64/lib/ruby/gems/2.1.0/gems/rake-10.4.2/lib/rake/task.rb:179:in `block in invoke_with_call_chain'
C:/Ruby21-x64/lib/ruby/2.1.0/monitor.rb:211:in `mon_synchronize'
C:/Ruby21-x64/lib/ruby/gems/2.1.0/gems/rake-10.4.2/lib/rake/task.rb:172:in `invoke_with_call_chain'
C:/Ruby21-x64/lib/ruby/gems/2.1.0/gems/rake-10.4.2/lib/rake/task.rb:165:in `invoke'
C:/Ruby21-x64/lib/ruby/gems/2.1.0/gems/rake-10.4.2/lib/rake/application.rb:150:in `invoke_task'
C:/Ruby21-x64/lib/ruby/gems/2.1.0/gems/rake-10.4.2/lib/rake/application.rb:106:in `block (2 levels) in top_level'
C:/Ruby21-x64/lib/ruby/gems/2.1.0/gems/rake-10.4.2/lib/rake/application.rb:106:in `each'
C:/Ruby21-x64/lib/ruby/gems/2.1.0/gems/rake-10.4.2/lib/rake/application.rb:106:in `block in top_level'
C:/Ruby21-x64/lib/ruby/gems/2.1.0/gems/rake-10.4.2/lib/rake/application.rb:115:in `run_with_threads'
C:/Ruby21-x64/lib/ruby/gems/2.1.0/gems/rake-10.4.2/lib/rake/application.rb:100:in `top_level'
C:/Ruby21-x64/lib/ruby/gems/2.1.0/gems/rake-10.4.2/lib/rake/application.rb:78:in `block in run'
C:/Ruby21-x64/lib/ruby/gems/2.1.0/gems/rake-10.4.2/lib/rake/application.rb:176:in `standard_exception_handling'
C:/Ruby21-x64/lib/ruby/gems/2.1.0/gems/rake-10.4.2/lib/rake/application.rb:75:in `run'
C:/Ruby21-x64/lib/ruby/gems/2.1.0/gems/rake-10.4.2/bin/rake:33:in `<top (required)>'
C:/Ruby21-x64/bin/rake:23:in `load'
C:/Ruby21-x64/bin/rake:23:in `<main>'
Tasks: TOP => db:migrate

C:\Users\don\Documents\Work\attribute_to_sqlserver>tsql -S DONALDS-PC\SQLEXPRESS
locale is "English_United States.1252"
using default charset "UTF-8"
1> select user;
2> go

dbo
(1 row affected)
1> select user
2> go

dbo
(1 row affected)
1> create database attribute_to_sqlserver_development;
2> go
1> ^C
C:\Users\don\Documents\Work\attribute_to_sqlserver>rake db:migrate --trace
** Invoke db:migrate (first_time)
** Invoke environment (first_time)
** Execute environment
** Invoke db:load_config (first_time)
** Execute db:load_config
** Execute db:migrate
== 20150826172345 CreateAttributeReferences: migrating ========================
-- create_table(:attribute_references)
   -> 0.0030s
   -> -1 rows
== 20150826172345 CreateAttributeReferences: migrated (0.0050s) ===============

** Invoke db:_dump (first_time)
** Execute db:_dump
** Invoke db:schema:dump (first_time)
** Invoke environment
** Invoke db:load_config
** Execute db:schema:dump

C:\Users\don\Documents\Work\attribute_to_sqlserver>rails generate scaffold test1 attribute_binary:binary attribute_boolean:boolean a
ttribute_date:date attribute_datetime:datetime attribute_decimal:decimal attribute_float:float attribute_integer:integer attribute_r
eference:references attribute_string:string attribute_text:text attribute_time:time --force
      invoke  active_record
      create    db/migrate/20150826201720_create_test1s.rb
      create    app/models/test1.rb
      invoke    test_unit
      create      test/models/test1_test.rb
      create      test/fixtures/test1s.yml
      invoke  resource_route
       route    resources :test1s
      invoke  scaffold_controller
      create    app/controllers/test1s_controller.rb
      invoke    erb
      create      app/views/test1s
      create      app/views/test1s/index.html.erb
      create      app/views/test1s/edit.html.erb
      create      app/views/test1s/show.html.erb
      create      app/views/test1s/new.html.erb
      create      app/views/test1s/_form.html.erb
      invoke    test_unit
      create      test/controllers/test1s_controller_test.rb
      invoke    helper
      create      app/helpers/test1s_helper.rb
      invoke      test_unit
      invoke    jbuilder
      create      app/views/test1s/index.json.jbuilder
      create      app/views/test1s/show.json.jbuilder
      invoke  assets
      invoke    coffee
      create      app/assets/javascripts/test1s.coffee
      invoke    scss
      create      app/assets/stylesheets/test1s.scss
      invoke  scss
   identical    app/assets/stylesheets/scaffolds.scss

C:\Users\don\Documents\Work\attribute_to_sqlserver>
C:\Users\don\Documents\Work\attribute_to_sqlserver>rake db:migrate --trace
** Invoke db:migrate (first_time)
** Invoke environment (first_time)
** Execute environment
** Invoke db:load_config (first_time)
** Execute db:load_config
** Execute db:migrate
== 20150826201720 CreateTest1s: migrating =====================================
-- create_table(:test1s)
   -> 0.0930s
   -> -1 rows
== 20150826201720 CreateTest1s: migrated (0.0960s) ============================

** Invoke db:_dump (first_time)
** Execute db:_dump
** Invoke db:schema:dump (first_time)
** Invoke environment
** Invoke db:load_config
** Execute db:schema:dump

C:\Users\don\Documents\Work\attribute_to_sqlserver>tsql -S DONALDS-PC\SQLEXPRESS
locale is "English_United States.1252"
using default charset "UTF-8"
1> describe test1s
2> go
Msg 2812 (severity 16, state 62) from DONALDS-PC\SQLEXPRESS Line 1:
        "Could not find stored procedure 'describe'."
1> exec sp_columns test1s
2> go
TABLE_QUALIFIER TABLE_OWNER     TABLE_NAME      COLUMN_NAME     DATA_TYPE       TYPE_NAME       PRECISION       LENGTH  SCALE   RADI
X       NULLABLE        REMARKS COLUMN_DEF      SQL_DATA_TYPE   SQL_DATETIME_SUB        CHAR_OCTET_LENGTH       ORDINAL_POSITION
IS_NULLABLE     SS_DATA_TYPE
(return status = 0)
1> exec sp_help test1s
2> go
Msg 15009 (severity 16, state 1) from DONALDS-PC\SQLEXPRESS, Procedure sp_help Line 79:
        "The object 'test1s' does not exist in database 'master' or is invalid for this operation."
(return status = 1)
1> exec sp_help dbo.test1s
2> go
Msg 102 (severity 15, state 1) from DONALDS-PC\SQLEXPRESS Line 1:
        "Incorrect syntax near '.'."
1>
2> exec sp_help [dbo].test1s
3> go
Msg 102 (severity 15, state 1) from DONALDS-PC\SQLEXPRESS Line 2:
        "Incorrect syntax near '.'."
1> exec sp_help [dbo].[test1s]
2> go
Msg 102 (severity 15, state 1) from DONALDS-PC\SQLEXPRESS Line 1:
        "Incorrect syntax near '.'."
1> sp_help [dbo].[test1s]
2> go
Msg 102 (severity 15, state 1) from DONALDS-PC\SQLEXPRESS Line 1:
        "Incorrect syntax near '.'."
1> sp_help "[dbo].[test1s]"
2> go
Msg 15009 (severity 16, state 1) from DONALDS-PC\SQLEXPRESS, Procedure sp_help Line 79:
        "The object '[dbo].[test1s]' does not exist in database 'master' or is invalid for this operation."
(return status = 1)
1> sp_help "[attribute_to_sqlserver_development].[dbo].[test1s]"
2> go
Msg 15250 (severity 16, state 1) from DONALDS-PC\SQLEXPRESS, Procedure sp_help Line 61:
        "The database name component of the object qualifier must be the name of the current database."
(return status = 1)
1> use attribute_to_sqlserver_development
2> go
1> sp_help "[attribute_to_sqlserver_development].[dbo].[test1s]"
2> go
Name    Owner   Type    Created_datetime
test1s  dbo     user table
(1 row affected)


Column_name     Type    Computed        Length  Prec    Scale   Nullable        TrimTrailingBlanks      FixedLenNullInSource    Coll
ation
id      int     no      4       10      0       no      (n/a)   (n/a)   NULL
attribute_binary        varbinary       no      -1                      yes     no      yes     NULL
attribute_boolean       bit     no      1                       yes     (n/a)   (n/a)   NULL
attribute_date  date    no      3       10      0       yes     (n/a)   (n/a)   NULL
attribute_datetime      datetime        no      8                       yes     (n/a)   (n/a)   NULL
attribute_decimal       decimal no      9       18      0       yes     (n/a)   (n/a)   NULL
attribute_float float   no      8       53      NULL    yes     (n/a)   (n/a)   NULL
attribute_integer       int     no      4       10      0       yes     (n/a)   (n/a)   NULL
attribute_reference_id  int     no      4       10      0       yes     (n/a)   (n/a)   NULL
attribute_string        nvarchar        no      8000                    yes     (n/a)   (n/a)   SQL_Latin1_General_CP1_CI_AS
attribute_text  nvarchar        no      -1                      yes     (n/a)   (n/a)   SQL_Latin1_General_CP1_CI_AS
attribute_time  time    no      5       16      7       yes     (n/a)   (n/a)   NULL
created_at      datetime        no      8                       no      (n/a)   (n/a)   NULL
updated_at      datetime        no      8                       no      (n/a)   (n/a)   NULL
(14 rows affected)

Identity        Seed    Increment       Not For Replication
id      1       1       0
(1 row affected)

RowGuidCol
No rowguidcol column defined.
(1 row affected)

Data_located_on_filegroup
PRIMARY
(1 row affected)

index_name      index_description       index_keys
index_test1s_on_attribute_reference_id  nonclustered located on PRIMARY attribute_reference_id
PK__test1s__3213E83FB780274C    clustered, unique, primary key located on PRIMARY       id
(2 rows affected)

constraint_type constraint_name delete_action   update_action   status_enabled  status_for_replication  constraint_keys
FOREIGN KEY     fk_rails_ada301c23d     No Action       No Action       Enabled Is_For_Replication      attribute_reference_id
                                                REFERENCES attribute_to_sqlserver_development.dbo.attribute_references (id)
PRIMARY KEY (clustered) PK__test1s__3213E83FB780274C    (n/a)   (n/a)   (n/a)   (n/a)   id
(3 rows affected)

Msg 15470 (severity 0, state 1) from DONALDS-PC\SQLEXPRESS, Procedure sp_helpconstraint Line 307:
        "No foreign keys reference table '[attribute_to_sqlserver_development].[dbo].[test1s]', or you do not have permissions on re
ferencing tables."
Msg 15647 (severity 0, state 1) from DONALDS-PC\SQLEXPRESS, Procedure sp_help Line 211:
        "No views with schema binding reference table '[attribute_to_sqlserver_development].[dbo].[test1s]'."
(return status = 0)
1> ^C
C:\Users\don\Documents\Work\attribute_to_sqlserver>